Archive member included to satisfy reference by file (symbol)

c:/st/stm32cubeide_1.7.0/stm32cubeide/plugins/com.st.stm32cube.ide.mcu.externaltools.gnu-tools-for-stm32.9-2020-q2-update.win32_2.0.0.202105311346/tools/bin/../lib/gcc/arm-none-eabi/9.3.1/../../../../arm-none-eabi/lib/thumb/v7-m/nofp\libc_nano.a(lib_a-errno.o)
                              ./Core/Src/syscalls.o (__errno)
c:/st/stm32cubeide_1.7.0/stm32cubeide/plugins/com.st.stm32cube.ide.mcu.externaltools.gnu-tools-for-stm32.9-2020-q2-update.win32_2.0.0.202105311346/tools/bin/../lib/gcc/arm-none-eabi/9.3.1/../../../../arm-none-eabi/lib/thumb/v7-m/nofp\libc_nano.a(lib_a-exit.o)
                              c:/st/stm32cubeide_1.7.0/stm32cubeide/plugins/com.st.stm32cube.ide.mcu.externaltools.gnu-tools-for-stm32.9-2020-q2-update.win32_2.0.0.202105311346/tools/bin/../lib/gcc/arm-none-eabi/9.3.1/../../../../arm-none-eabi/lib/thumb/v7-m/nofp/crt0.o (exit)
c:/st/stm32cubeide_1.7.0/stm32cubeide/plugins/com.st.stm32cube.ide.mcu.externaltools.gnu-tools-for-stm32.9-2020-q2-update.win32_2.0.0.202105311346/tools/bin/../lib/gcc/arm-none-eabi/9.3.1/../../../../arm-none-eabi/lib/thumb/v7-m/nofp\libc_nano.a(lib_a-impure.o)
                              c:/st/stm32cubeide_1.7.0/stm32cubeide/plugins/com.st.stm32cube.ide.mcu.externaltools.gnu-tools-for-stm32.9-2020-q2-update.win32_2.0.0.202105311346/tools/bin/../lib/gcc/arm-none-eabi/9.3.1/../../../../arm-none-eabi/lib/thumb/v7-m/nofp\libc_nano.a(lib_a-exit.o) (_global_impure_ptr)
c:/st/stm32cubeide_1.7.0/stm32cubeide/plugins/com.st.stm32cube.ide.mcu.externaltools.gnu-tools-for-stm32.9-2020-q2-update.win32_2.0.0.202105311346/tools/bin/../lib/gcc/arm-none-eabi/9.3.1/../../../../arm-none-eabi/lib/thumb/v7-m/nofp\libc_nano.a(lib_a-init.o)
                              c:/st/stm32cubeide_1.7.0/stm32cubeide/plugins/com.st.stm32cube.ide.mcu.externaltools.gnu-tools-for-stm32.9-2020-q2-update.win32_2.0.0.202105311346/tools/bin/../lib/gcc/arm-none-eabi/9.3.1/../../../../arm-none-eabi/lib/thumb/v7-m/nofp/crt0.o (__libc_init_array)
c:/st/stm32cubeide_1.7.0/stm32cubeide/plugins/com.st.stm32cube.ide.mcu.externaltools.gnu-tools-for-stm32.9-2020-q2-update.win32_2.0.0.202105311346/tools/bin/../lib/gcc/arm-none-eabi/9.3.1/../../../../arm-none-eabi/lib/thumb/v7-m/nofp\libc_nano.a(lib_a-memset.o)
                              c:/st/stm32cubeide_1.7.0/stm32cubeide/plugins/com.st.stm32cube.ide.mcu.externaltools.gnu-tools-for-stm32.9-2020-q2-update.win32_2.0.0.202105311346/tools/bin/../lib/gcc/arm-none-eabi/9.3.1/../../../../arm-none-eabi/lib/thumb/v7-m/nofp/crt0.o (memset)

Allocating common symbols
Common symbol       size              file

keyReg1             0x10              ./Core/Src/button.o
uwTick              0x4               ./Drivers/STM32F1xx_HAL_Driver/Src/stm32f1xx_hal.o
pFlash              0x20              ./Drivers/STM32F1xx_HAL_Driver/Src/stm32f1xx_hal_flash.o
button_counter      0x10              ./Core/Src/button.o
button_flag         0x10              ./Core/Src/button.o
counter             0x14              ./Core/Src/software_timer.o
keyReg3             0x10              ./Core/Src/button.o
keyReg0             0x10              ./Core/Src/button.o
timer_flag          0x14              ./Core/Src/software_timer.o
htim2               0x48              ./Core/Src/main.o
keyReg2             0x10              ./Core/Src/button.o

Discarded input sections

 .text          0x0000000000000000        0x0 c:/st/stm32cubeide_1.7.0/stm32cubeide/plugins/com.st.stm32cube.ide.mcu.externaltools.gnu-tools-for-stm32.9-2020-q2-update.win32_2.0.0.202105311346/tools/bin/../lib/gcc/arm-none-eabi/9.3.1/thumb/v7-m/nofp/crti.o
 .data          0x0000000000000000        0x0 c:/st/stm32cubeide_1.7.0/stm32cubeide/plugins/com.st.stm32cube.ide.mcu.externaltools.gnu-tools-for-stm32.9-2020-q2-update.win32_2.0.0.202105311346/tools/bin/../lib/gcc/arm-none-eabi/9.3.1/thumb/v7-m/nofp/crti.o
 .bss           0x0000000000000000        0x0 c:/st/stm32cubeide_1.7.0/stm32cubeide/plugins/com.st.stm32cube.ide.mcu.externaltools.gnu-tools-for-stm32.9-2020-q2-update.win32_2.0.0.202105311346/tools/bin/../lib/gcc/arm-none-eabi/9.3.1/thumb/v7-m/nofp/crti.o
 .data          0x0000000000000000        0x4 c:/st/stm32cubeide_1.7.0/stm32cubeide/plugins/com.st.stm32cube.ide.mcu.externaltools.gnu-tools-for-stm32.9-2020-q2-update.win32_2.0.0.202105311346/tools/bin/../lib/gcc/arm-none-eabi/9.3.1/thumb/v7-m/nofp/crtbegin.o
 .text          0x0000000000000000       0x7c c:/st/stm32cubeide_1.7.0/stm32cubeide/plugins/com.st.stm32cube.ide.mcu.externaltools.gnu-tools-for-stm32.9-2020-q2-update.win32_2.0.0.202105311346/tools/bin/../lib/gcc/arm-none-eabi/9.3.1/../../../../arm-none-eabi/lib/thumb/v7-m/nofp/crt0.o
[...]
Memory Configuration

Name             Origin             Length             Attributes
RAM              0x0000000020000000 0x0000000000002800 xrw
FLASH            0x0000000008000000 0x0000000000008000 xr
*default*        0x0000000000000000 0xffffffffffffffff

Linker script and memory map

LOAD c:/st/stm32cubeide_1.7.0/stm32cubeide/plugins/com.st.stm32cube.ide.mcu.externaltools.gnu-tools-for-stm32.9-2020-q2-update.win32_2.0.0.202105311346/tools/bin/../lib/gcc/arm-none-eabi/9.3.1/thumb/v7-m/nofp/crti.o
LOAD c:/st/stm32cubeide_1.7.0/stm32cubeide/plugins/com.st.stm32cube.ide.mcu.externaltools.gnu-tools-for-stm32.9-2020-q2-update.win32_2.0.0.202105311346/tools/bin/../lib/gcc/arm-none-eabi/9.3.1/thumb/v7-m/nofp/crtbegin.o
LOAD c:/st/stm32cubeide_1.7.0/stm32cubeide/plugins/com.st.stm32cube.ide.mcu.externaltools.gnu-tools-for-stm32.9-2020-q2-update.win32_2.0.0.202105311346/tools/bin/../lib/gcc/arm-none-eabi/9.3.1/../../../../arm-none-eabi/lib/thumb/v7-m/nofp/crt0.o
LOAD ./Core/Src/button.o
LOAD ./Core/Src/display_7seg.o
LOAD ./Core/Src/fsm_automatic.o
LOAD ./Core/Src/global.o
LOAD ./Core/Src/main.o
LOAD ./Core/Src/software_timer.o
LOAD ./Core/Src/stm32f1xx_hal_msp.o
LOAD ./Core/Src/stm32f1xx_it.o
LOAD ./Core/Src/syscalls.o
LOAD ./Core/Src/sysmem.o
LOAD ./Core/Src/system_stm32f1xx.o
LOAD ./Core/Src/traffic_light.o
LOAD ./Core/Src/traffic_light_manual.o
LOAD ./Core/Startup/startup_stm32f103c6ux.o
LOAD ./Drivers/STM32F1xx_HAL_Driver/Src/stm32f1xx_hal.o
LOAD ./Drivers/STM32F1xx_HAL_Driver/Src/stm32f1xx_hal_cortex.o
LOAD ./Drivers/STM32F1xx_HAL_Driver/Src/stm32f1xx_hal_dma.o
LOAD ./Drivers/STM32F1xx_HAL_Driver/Src/stm32f1xx_hal_exti.o
LOAD ./Drivers/STM32F1xx_HAL_Driver/Src/stm32f1xx_hal_flash.o
LOAD ./Drivers/STM32F1xx_HAL_Driver/Src/stm32f1xx_hal_flash_ex.o
LOAD ./Drivers/STM32F1xx_HAL_Driver/Src/stm32f1xx_hal_gpio.o
LOAD ./Drivers/STM32F1xx_HAL_Driver/Src/stm32f1xx_hal_gpio_ex.o
LOAD ./Drivers/STM32F1xx_HAL_Driver/Src/stm32f1xx_hal_pwr.o
LOAD ./Drivers/STM32F1xx_HAL_Driver/Src/stm32f1xx_hal_rcc.o
LOAD ./Drivers/STM32F1xx_HAL_Driver/Src/stm32f1xx_hal_rcc_ex.o
LOAD ./Drivers/STM32F1xx_HAL_Driver/Src/stm32f1xx_hal_tim.o
LOAD ./Drivers/STM32F1xx_HAL_Driver/Src/stm32f1xx_hal_tim_ex.o
START GROUP
LOAD c:/st/stm32cubeide_1.7.0/stm32cubeide/plugins/com.st.stm32cube.ide.mcu.externaltools.gnu-tools-for-stm32.9-2020-q2-update.win32_2.0.0.202105311346/tools/bin/../lib/gcc/arm-none-eabi/9.3.1/../../../../arm-none-eabi/lib/thumb/v7-m/nofp\libc_nano.a
LOAD c:/st/stm32cubeide_1.7.0/stm32cubeide/plugins/com.st.stm32cube.ide.mcu.externaltools.gnu-tools-for-stm32.9-2020-q2-update.win32_2.0.0.202105311346/tools/bin/../lib/gcc/arm-none-eabi/9.3.1/../../../../arm-none-eabi/lib/thumb/v7-m/nofp\libm.a
END GROUP
START GROUP
LOAD c:/st/stm32cubeide_1.7.0/stm32cubeide/plugins/com.st.stm32cube.ide.mcu.externaltools.gnu-tools-for-stm32.9-2020-q2-update.win32_2.0.0.202105311346/tools/bin/../lib/gcc/arm-none-eabi/9.3.1/thumb/v7-m/nofp\libgcc.a
LOAD c:/st/stm32cubeide_1.7.0/stm32cubeide/plugins/com.st.stm32cube.ide.mcu.externaltools.gnu-tools-for-stm32.9-2020-q2-update.win32_2.0.0.202105311346/tools/bin/../lib/gcc/arm-none-eabi/9.3.1/../../../../arm-none-eabi/lib/thumb/v7-m/nofp\libc_nano.a
END GROUP
START GROUP
LOAD c:/st/stm32cubeide_1.7.0/stm32cubeide/plugins/com.st.stm32cube.ide.mcu.externaltools.gnu-tools-for-stm32.9-2020-q2-update.win32_2.0.0.202105311346/tools/bin/../lib/gcc/arm-none-eabi/9.3.1/thumb/v7-m/nofp\libgcc.a
LOAD c:/st/stm32cubeide_1.7.0/stm32cubeide/plugins/com.st.stm32cube.ide.mcu.externaltools.gnu-tools-for-stm32.9-2020-q2-update.win32_2.0.0.202105311346/tools/bin/../lib/gcc/arm-none-eabi/9.3.1/../../../../arm-none-eabi/lib/thumb/v7-m/nofp\libc_nano.a
LOAD c:/st/stm32cubeide_1.7.0/stm32cubeide/plugins/com.st.stm32cube.ide.mcu.externaltools.gnu-tools-for-stm32.9-2020-q2-update.win32_2.0.0.202105311346/tools/bin/../lib/gcc/arm-none-eabi/9.3.1/../../../../arm-none-eabi/lib/thumb/v7-m/nofp\libnosys.a
END GROUP
START GROUP
LOAD c:/st/stm32cubeide_1.7.0/stm32cubeide/plugins/com.st.stm32cube.ide.mcu.externaltools.gnu-tools-for-stm32.9-2020-q2-update.win32_2.0.0.202105311346/tools/bin/../lib/gcc/arm-none-eabi/9.3.1/thumb/v7-m/nofp\libgcc.a
LOAD c:/st/stm32cubeide_1.7.0/stm32cubeide/plugins/com.st.stm32cube.ide.mcu.externaltools.gnu-tools-for-stm32.9-2020-q2-update.win32_2.0.0.202105311346/tools/bin/../lib/gcc/arm-none-eabi/9.3.1/../../../../arm-none-eabi/lib/thumb/v7-m/nofp\libc_nano.a
LOAD c:/st/stm32cubeide_1.7.0/stm32cubeide/plugins/com.st.stm32cube.ide.mcu.externaltools.gnu-tools-for-stm32.9-2020-q2-update.win32_2.0.0.202105311346/tools/bin/../lib/gcc/arm-none-eabi/9.3.1/../../../../arm-none-eabi/lib/thumb/v7-m/nofp\libnosys.a
END GROUP
LOAD c:/st/stm32cubeide_1.7.0/stm32cubeide/plugins/com.st.stm32cube.ide.mcu.externaltools.gnu-tools-for-stm32.9-2020-q2-update.win32_2.0.0.202105311346/tools/bin/../lib/gcc/arm-none-eabi/9.3.1/thumb/v7-m/nofp/crtend.o
LOAD c:/st/stm32cubeide_1.7.0/stm32cubeide/plugins/com.st.stm32cube.ide.mcu.externaltools.gnu-tools-for-stm32.9-2020-q2-update.win32_2.0.0.202105311346/tools/bin/../lib/gcc/arm-none-eabi/9.3.1/thumb/v7-m/nofp/crtn.o
                0x0000000020002800                _estack = (ORIGIN (RAM) + LENGTH (RAM))
                0x0000000000000200                _Min_Heap_Size = 0x200
                0x0000000000000400                _Min_Stack_Size = 0x400

.isr_vector     0x0000000008000000      0x10c
                0x0000000008000000                . = ALIGN (0x4)
 *(.isr_vector)
 .isr_vector    0x0000000008000000      0x10c ./Core/Startup/startup_stm32f103c6ux.o
                0x0000000008000000                g_pfnVectors
                0x000000000800010c                . = ALIGN (0x4)

.text           0x000000000800010c     0x24cc
                0x000000000800010c                . = ALIGN (0x4)
 *(.text)
 .text          0x000000000800010c       0x40 c:/st/stm32cubeide_1.7.0/stm32cubeide/plugins/com.st.stm32cube.ide.mcu.externaltools.gnu-tools-for-stm32.9-2020-q2-update.win32_2.0.0.202105311346/tools/bin/../lib/gcc/arm-none-eabi/9.3.1/thumb/v7-m/nofp/crtbegin.o
 *(.text*)
 .text.initButton
                0x000000000800014c       0x6c ./Core/Src/button.o
                0x000000000800014c                initButton
 .text.getOneKeyInput
                0x00000000080001b8       0xf4 ./Core/Src/button.o
                0x00000000080001b8                getOneKeyInput
 .text.getKeyInput
                0x00000000080002ac       0x30 ./Core/Src/button.o
                0x00000000080002ac                getKeyInput
 .text.subKeyProcess
                0x00000000080002dc       0x20 ./Core/Src/button.o
                0x00000000080002dc                subKeyProcess
 .text.set_LEDS
                0x00000000080002fc       0x4c ./Core/Src/display_7seg.o
                0x00000000080002fc                set_LEDS
 .text.display7SEG
                0x0000000008000348       0xc0 ./Core/Src/display_7seg.o
                0x0000000008000348                display7SEG
 .text.set_LEDS_2
                0x0000000008000408       0x4c ./Core/Src/display_7seg.o
                0x0000000008000408                set_LEDS_2
 .text.display7SEG_2
                0x0000000008000454       0xc0 ./Core/Src/display_7seg.o
                0x0000000008000454                display7SEG_2
 .text.fsm_automatic_run
                0x0000000008000514      0x1c8 ./Core/Src/fsm_automatic.o
                0x0000000008000514                fsm_automatic_run
 .text.fsm_automatic_run2
                0x00000000080006dc      0x108 ./Core/Src/fsm_automatic.o
                0x00000000080006dc                fsm_automatic_run2
 .text.setTimer_traffic
                0x00000000080007e4       0x58 ./Core/Src/global.o
                0x00000000080007e4                setTimer_traffic
 .text.onRed1   0x000000000800083c       0x2c ./Core/Src/global.o
                0x000000000800083c                onRed1
 .text.onRed2   0x0000000008000868       0x2c ./Core/Src/global.o
                0x0000000008000868                onRed2
 .text.onGreen1
                0x0000000008000894       0x2c ./Core/Src/global.o
                0x0000000008000894                onGreen1
 .text.onGreen2
                0x00000000080008c0       0x2c ./Core/Src/global.o
                0x00000000080008c0                onGreen2
 .text.onYellow1
                0x00000000080008ec       0x2c ./Core/Src/global.o
                0x00000000080008ec                onYellow1
 .text.onYellow2
                0x0000000008000918       0x2c ./Core/Src/global.o
                0x0000000008000918                onYellow2
 .text.main     0x0000000008000944       0x28 ./Core/Src/main.o
                0x0000000008000944                main
 .text.SystemClock_Config
                0x000000000800096c       0x76 ./Core/Src/main.o
                0x000000000800096c                SystemClock_Config
 *fill*         0x00000000080009e2        0x2 
 .text.MX_TIM2_Init
                0x00000000080009e4       0x98 ./Core/Src/main.o
 .text.MX_GPIO_Init
                0x0000000008000a7c       0xe4 ./Core/Src/main.o
 .text.HAL_TIM_PeriodElapsedCallback
                0x0000000008000b60       0x18 ./Core/Src/main.o
                0x0000000008000b60                HAL_TIM_PeriodElapsedCallback
 .text.Error_Handler
                0x0000000008000b78        0xa ./Core/Src/main.o
                0x0000000008000b78                Error_Handler
 *fill*         0x0000000008000b82        0x2 
 .text.setTimer
                0x0000000008000b84       0x30 ./Core/Src/software_timer.o
                0x0000000008000b84                setTimer
 .text.timer_run
                0x0000000008000bb4       0x50 ./Core/Src/software_timer.o
                0x0000000008000bb4                timer_run
 .text.timerRun
                0x0000000008000c04       0x26 ./Core/Src/software_timer.o
                0x0000000008000c04                timerRun
 *fill*         0x0000000008000c2a        0x2 
 .text.HAL_MspInit
                0x0000000008000c2c       0x64 ./Core/Src/stm32f1xx_hal_msp.o
                0x0000000008000c2c                HAL_MspInit
 .text.HAL_TIM_Base_MspInit
                0x0000000008000c90       0x48 ./Core/Src/stm32f1xx_hal_msp.o
                0x0000000008000c90                HAL_TIM_Base_MspInit
 .text.NMI_Handler
                0x0000000008000cd8        0x6 ./Core/Src/stm32f1xx_it.o
                0x0000000008000cd8                NMI_Handler
 .text.HardFault_Handler
                0x0000000008000cde        0x6 ./Core/Src/stm32f1xx_it.o
                0x0000000008000cde                HardFault_Handler
 .text.MemManage_Handler
                0x0000000008000ce4        0x6 ./Core/Src/stm32f1xx_it.o
                0x0000000008000ce4                MemManage_Handler
 .text.BusFault_Handler
                0x0000000008000cea        0x6 ./Core/Src/stm32f1xx_it.o
                0x0000000008000cea                BusFault_Handler
 .text.UsageFault_Handler
                0x0000000008000cf0        0x6 ./Core/Src/stm32f1xx_it.o
                0x0000000008000cf0                UsageFault_Handler
 .text.SVC_Handler
                0x0000000008000cf6        0xc ./Core/Src/stm32f1xx_it.o
                0x0000000008000cf6                SVC_Handler
 .text.DebugMon_Handler
                0x0000000008000d02        0xc ./Core/Src/stm32f1xx_it.o
                0x0000000008000d02                DebugMon_Handler
 .text.PendSV_Handler
                0x0000000008000d0e        0xc ./Core/Src/stm32f1xx_it.o
                0x0000000008000d0e                PendSV_Handler
 .text.SysTick_Handler
                0x0000000008000d1a        0xc ./Core/Src/stm32f1xx_it.o
                0x0000000008000d1a                SysTick_Handler
 *fill*         0x0000000008000d26        0x2 
 .text.TIM2_IRQHandler
                0x0000000008000d28       0x14 ./Core/Src/stm32f1xx_it.o
                0x0000000008000d28                TIM2_IRQHandler
 .text.SystemInit
                0x0000000008000d3c        0xc ./Core/Src/system_stm32f1xx.o
                0x0000000008000d3c                SystemInit
 .text.display_seg
                0x0000000008000d48       0x40 ./Core/Src/traffic_light.o
                0x0000000008000d48                display_seg
 .text.display_seg2
                0x0000000008000d88       0x40 ./Core/Src/traffic_light.o
                0x0000000008000d88                display_seg2
 .text.traffic_run
                0x0000000008000dc8      0x1b0 ./Core/Src/traffic_light.o
                0x0000000008000dc8                traffic_run
 .text.Reset_Handler
                0x0000000008000f78       0x48 ./Core/Startup/startup_stm32f103c6ux.o
                0x0000000008000f78                Reset_Handler
 .text.Default_Handler
                0x0000000008000fc0        0x2 ./Core/Startup/startup_stm32f103c6ux.o
                0x0000000008000fc0                RTC_Alarm_IRQHandler
                0x0000000008000fc0                EXTI2_IRQHandler
                0x0000000008000fc0                TIM1_CC_IRQHandler
                0x0000000008000fc0                PVD_IRQHandler
                0x0000000008000fc0                EXTI3_IRQHandler
                0x0000000008000fc0                EXTI0_IRQHandler
                0x0000000008000fc0                ADC1_2_IRQHandler
                0x0000000008000fc0                SPI1_IRQHandler
                0x0000000008000fc0                TAMPER_IRQHandler
                0x0000000008000fc0                DMA1_Channel4_IRQHandler
                0x0000000008000fc0                RTC_IRQHandler
                0x0000000008000fc0                DMA1_Channel7_IRQHandler
                0x0000000008000fc0                CAN1_RX1_IRQHandler
                0x0000000008000fc0                I2C1_EV_IRQHandler
                0x0000000008000fc0                DMA1_Channel6_IRQHandler
                0x0000000008000fc0                TIM3_IRQHandler
                0x0000000008000fc0                RCC_IRQHandler
                0x0000000008000fc0                TIM1_TRG_COM_IRQHandler
                0x0000000008000fc0                DMA1_Channel1_IRQHandler
                0x0000000008000fc0                Default_Handler
                0x0000000008000fc0                EXTI15_10_IRQHandler
                0x0000000008000fc0                EXTI9_5_IRQHandler
                0x0000000008000fc0                DMA1_Channel5_IRQHandler
                0x0000000008000fc0                EXTI4_IRQHandler
                0x0000000008000fc0                USB_LP_CAN1_RX0_IRQHandler
                0x0000000008000fc0                USB_HP_CAN1_TX_IRQHandler
                0x0000000008000fc0                DMA1_Channel3_IRQHandler
                0x0000000008000fc0                TIM1_UP_IRQHandler
                0x0000000008000fc0                WWDG_IRQHandler
                0x0000000008000fc0                TIM1_BRK_IRQHandler
                0x0000000008000fc0                EXTI1_IRQHandler
                0x0000000008000fc0                USART2_IRQHandler
                0x0000000008000fc0                DMA1_Channel2_IRQHandler
                0x0000000008000fc0                CAN1_SCE_IRQHandler
                0x0000000008000fc0                FLASH_IRQHandler
                0x0000000008000fc0                USART1_IRQHandler
                0x0000000008000fc0                I2C1_ER_IRQHandler
                0x0000000008000fc0                USBWakeUp_IRQHandler
 *fill*         0x0000000008000fc2        0x2 
 .text.HAL_Init
                0x0000000008000fc4       0x2c ./Drivers/STM32F1xx_HAL_Driver/Src/stm32f1xx_hal.o
                0x0000000008000fc4                HAL_Init
 .text.HAL_InitTick
                0x0000000008000ff0       0x60 ./Drivers/STM32F1xx_HAL_Driver/Src/stm32f1xx_hal.o
                0x0000000008000ff0                HAL_InitTick
 .text.HAL_IncTick
                0x0000000008001050       0x24 ./Drivers/STM32F1xx_HAL_Driver/Src/stm32f1xx_hal.o
                0x0000000008001050                HAL_IncTick
 .text.HAL_GetTick
                0x0000000008001074       0x14 ./Drivers/STM32F1xx_HAL_Driver/Src/stm32f1xx_hal.o
                0x0000000008001074                HAL_GetTick
 .text.__NVIC_SetPriorityGrouping
                0x0000000008001088       0x48 ./Drivers/STM32F1xx_HAL_Driver/Src/stm32f1xx_hal_cortex.o
 .text.__NVIC_GetPriorityGrouping
                0x00000000080010d0       0x1c ./Drivers/STM32F1xx_HAL_Driver/Src/stm32f1xx_hal_cortex.o
 .text.__NVIC_EnableIRQ
                0x00000000080010ec       0x38 ./Drivers/STM32F1xx_HAL_Driver/Src/stm32f1xx_hal_cortex.o
 .text.__NVIC_SetPriority
                0x0000000008001124       0x54 ./Drivers/STM32F1xx_HAL_Driver/Src/stm32f1xx_hal_cortex.o
 .text.NVIC_EncodePriority
                0x0000000008001178       0x64 ./Drivers/STM32F1xx_HAL_Driver/Src/stm32f1xx_hal_cortex.o
 .text.SysTick_Config
                0x00000000080011dc       0x44 ./Drivers/STM32F1xx_HAL_Driver/Src/stm32f1xx_hal_cortex.o
 .text.HAL_NVIC_SetPriorityGrouping
                0x0000000008001220       0x16 ./Drivers/STM32F1xx_HAL_Driver/Src/stm32f1xx_hal_cortex.o
                0x0000000008001220                HAL_NVIC_SetPriorityGrouping
 .text.HAL_NVIC_SetPriority
                0x0000000008001236       0x38 ./Drivers/STM32F1xx_HAL_Driver/Src/stm32f1xx_hal_cortex.o
                0x0000000008001236                HAL_NVIC_SetPriority
 .text.HAL_NVIC_EnableIRQ
                0x000000000800126e       0x1c ./Drivers/STM32F1xx_HAL_Driver/Src/stm32f1xx_hal_cortex.o
                0x000000000800126e                HAL_NVIC_EnableIRQ
 .text.HAL_SYSTICK_Config
                0x000000000800128a       0x18 ./Drivers/STM32F1xx_HAL_Driver/Src/stm32f1xx_hal_cortex.o
                0x000000000800128a                HAL_SYSTICK_Config
 *fill*         0x00000000080012a2        0x2 
 .text.HAL_GPIO_Init
                0x00000000080012a4      0x2f4 ./Drivers/STM32F1xx_HAL_Driver/Src/stm32f1xx_hal_gpio.o
                0x00000000080012a4                HAL_GPIO_Init
 .text.HAL_GPIO_ReadPin
                0x0000000008001598       0x2e ./Drivers/STM32F1xx_HAL_Driver/Src/stm32f1xx_hal_gpio.o
                0x0000000008001598                HAL_GPIO_ReadPin
 .text.HAL_GPIO_WritePin
                0x00000000080015c6       0x30 ./Drivers/STM32F1xx_HAL_Driver/Src/stm32f1xx_hal_gpio.o
                0x00000000080015c6                HAL_GPIO_WritePin
 *fill*         0x00000000080015f6        0x2 
 .text.HAL_RCC_OscConfig
                0x00000000080015f8      0x500 ./Drivers/STM32F1xx_HAL_Driver/Src/stm32f1xx_hal_rcc.o
                0x00000000080015f8                HAL_RCC_OscConfig
 .text.HAL_RCC_ClockConfig
                0x0000000008001af8      0x1d4 ./Drivers/STM32F1xx_HAL_Driver/Src/stm32f1xx_hal_rcc.o
                0x0000000008001af8                HAL_RCC_ClockConfig
 .text.HAL_RCC_GetSysClockFreq
                0x0000000008001ccc       0xa8 ./Drivers/STM32F1xx_HAL_Driver/Src/stm32f1xx_hal_rcc.o
                0x0000000008001ccc                HAL_RCC_GetSysClockFreq
 .text.RCC_Delay
                0x0000000008001d74       0x3c ./Drivers/STM32F1xx_HAL_Driver/Src/stm32f1xx_hal_rcc.o
 .text.HAL_TIM_Base_Init
                0x0000000008001db0       0x9e ./Drivers/STM32F1xx_HAL_Driver/Src/stm32f1xx_hal_tim.o
                0x0000000008001db0                HAL_TIM_Base_Init
 *fill*         0x0000000008001e4e        0x2 
 .text.HAL_TIM_Base_Start_IT
                0x0000000008001e50       0x98 ./Drivers/STM32F1xx_HAL_Driver/Src/stm32f1xx_hal_tim.o
                0x0000000008001e50                HAL_TIM_Base_Start_IT
 .text.HAL_TIM_IRQHandler
                0x0000000008001ee8      0x1e0 ./Drivers/STM32F1xx_HAL_Driver/Src/stm32f1xx_hal_tim.o
                0x0000000008001ee8                HAL_TIM_IRQHandler
 .text.HAL_TIM_ConfigClockSource
                0x00000000080020c8      0x18e ./Drivers/STM32F1xx_HAL_Driver/Src/stm32f1xx_hal_tim.o
                0x00000000080020c8                HAL_TIM_ConfigClockSource
 .text.HAL_TIM_OC_DelayElapsedCallback
                0x0000000008002256       0x12 ./Drivers/STM32F1xx_HAL_Driver/Src/stm32f1xx_hal_tim.o
                0x0000000008002256                HAL_TIM_OC_DelayElapsedCallback
 .text.HAL_TIM_IC_CaptureCallback
                0x0000000008002268       0x12 ./Drivers/STM32F1xx_HAL_Driver/Src/stm32f1xx_hal_tim.o
                0x0000000008002268                HAL_TIM_IC_CaptureCallback
 .text.HAL_TIM_PWM_PulseFinishedCallback
                0x000000000800227a       0x12 ./Drivers/STM32F1xx_HAL_Driver/Src/stm32f1xx_hal_tim.o
                0x000000000800227a                HAL_TIM_PWM_PulseFinishedCallback
 .text.HAL_TIM_TriggerCallback
                0x000000000800228c       0x12 ./Drivers/STM32F1xx_HAL_Driver/Src/stm32f1xx_hal_tim.o
                0x000000000800228c                HAL_TIM_TriggerCallback
 *fill*         0x000000000800229e        0x2 
 .text.TIM_Base_SetConfig
                0x00000000080022a0       0xc8 ./Drivers/STM32F1xx_HAL_Driver/Src/stm32f1xx_hal_tim.o
                0x00000000080022a0                TIM_Base_SetConfig
 .text.TIM_TI1_ConfigInputStage
                0x0000000008002368       0x5c ./Drivers/STM32F1xx_HAL_Driver/Src/stm32f1xx_hal_tim.o
 .text.TIM_TI2_ConfigInputStage
                0x00000000080023c4       0x5e ./Drivers/STM32F1xx_HAL_Driver/Src/stm32f1xx_hal_tim.o
 .text.TIM_ITRx_SetConfig
                0x0000000008002422       0x34 ./Drivers/STM32F1xx_HAL_Driver/Src/stm32f1xx_hal_tim.o
 .text.TIM_ETR_SetConfig
                0x0000000008002456       0x3e ./Drivers/STM32F1xx_HAL_Driver/Src/stm32f1xx_hal_tim.o
                0x0000000008002456                TIM_ETR_SetConfig
 .text.HAL_TIMEx_MasterConfigSynchronization
                0x0000000008002494       0xb0 ./Drivers/STM32F1xx_HAL_Driver/Src/stm32f1xx_hal_tim_ex.o
                0x0000000008002494                HAL_TIMEx_MasterConfigSynchronization
 .text.HAL_TIMEx_CommutCallback
                0x0000000008002544       0x12 ./Drivers/STM32F1xx_HAL_Driver/Src/stm32f1xx_hal_tim_ex.o
                0x0000000008002544                HAL_TIMEx_CommutCallback
 .text.HAL_TIMEx_BreakCallback
                0x0000000008002556       0x12 ./Drivers/STM32F1xx_HAL_Driver/Src/stm32f1xx_hal_tim_ex.o
                0x0000000008002556                HAL_TIMEx_BreakCallback
 .text.__libc_init_array
                0x0000000008002568       0x48 c:/st/stm32cubeide_1.7.0/stm32cubeide/plugins/com.st.stm32cube.ide.mcu.externaltools.gnu-tools-for-stm32.9-2020-q2-update.win32_2.0.0.202105311346/tools/bin/../lib/gcc/arm-none-eabi/9.3.1/../../../../arm-none-eabi/lib/thumb/v7-m/nofp\libc_nano.a(lib_a-init.o)
                0x0000000008002568                __libc_init_array
 .text.memset   0x00000000080025b0       0x10 c:/st/stm32cubeide_1.7.0/stm32cubeide/plugins/com.st.stm32cube.ide.mcu.externaltools.gnu-tools-for-stm32.9-2020-q2-update.win32_2.0.0.202105311346/tools/bin/../lib/gcc/arm-none-eabi/9.3.1/../../../../arm-none-eabi/lib/thumb/v7-m/nofp\libc_nano.a(lib_a-memset.o)
                0x00000000080025b0                memset
 *(.glue_7)
 .glue_7        0x00000000080025c0        0x0 linker stubs
 *(.glue_7t)
 .glue_7t       0x00000000080025c0        0x0 linker stubs
 *(.eh_frame)
 .eh_frame      0x00000000080025c0        0x0 c:/st/stm32cubeide_1.7.0/stm32cubeide/plugins/com.st.stm32cube.ide.mcu.externaltools.gnu-tools-for-stm32.9-2020-q2-update.win32_2.0.0.202105311346/tools/bin/../lib/gcc/arm-none-eabi/9.3.1/thumb/v7-m/nofp/crtbegin.o
 *(.init)
 .init          0x00000000080025c0        0x4 c:/st/stm32cubeide_1.7.0/stm32cubeide/plugins/com.st.stm32cube.ide.mcu.externaltools.gnu-tools-for-stm32.9-2020-q2-update.win32_2.0.0.202105311346/tools/bin/../lib/gcc/arm-none-eabi/9.3.1/thumb/v7-m/nofp/crti.o
                0x00000000080025c0                _init
 .init          0x00000000080025c4        0x8 c:/st/stm32cubeide_1.7.0/stm32cubeide/plugins/com.st.stm32cube.ide.mcu.externaltools.gnu-tools-for-stm32.9-2020-q2-update.win32_2.0.0.202105311346/tools/bin/../lib/gcc/arm-none-eabi/9.3.1/thumb/v7-m/nofp/crtn.o
 *(.fini)
 .fini          0x00000000080025cc        0x4 c:/st/stm32cubeide_1.7.0/stm32cubeide/plugins/com.st.stm32cube.ide.mcu.externaltools.gnu-tools-for-stm32.9-2020-q2-update.win32_2.0.0.202105311346/tools/bin/../lib/gcc/arm-none-eabi/9.3.1/thumb/v7-m/nofp/crti.o
                0x00000000080025cc                _fini
 .fini          0x00000000080025d0        0x8 c:/st/stm32cubeide_1.7.0/stm32cubeide/plugins/com.st.stm32cube.ide.mcu.externaltools.gnu-tools-for-stm32.9-2020-q2-update.win32_2.0.0.202105311346/tools/bin/../lib/gcc/arm-none-eabi/9.3.1/thumb/v7-m/nofp/crtn.o
                0x00000000080025d8                . = ALIGN (0x4)
                0x00000000080025d8                _etext = .

.vfp11_veneer   0x00000000080025d8        0x0
 .vfp11_veneer  0x00000000080025d8        0x0 linker stubs

.v4_bx          0x00000000080025d8        0x0
 .v4_bx         0x00000000080025d8        0x0 linker stubs

.iplt           0x00000000080025d8        0x0
 .iplt          0x00000000080025d8        0x0 c:/st/stm32cubeide_1.7.0/stm32cubeide/plugins/com.st.stm32cube.ide.mcu.externaltools.gnu-tools-for-stm32.9-2020-q2-update.win32_2.0.0.202105311346/tools/bin/../lib/gcc/arm-none-eabi/9.3.1/thumb/v7-m/nofp/crtbegin.o

.rodata         0x00000000080025d8       0x24
                0x00000000080025d8                . = ALIGN (0x4)
 *(.rodata)
 *(.rodata*)
 .rodata.AHBPrescTable
                0x00000000080025d8       0x10 ./Core/Src/system_stm32f1xx.o
                0x00000000080025d8                AHBPrescTable
 .rodata.aPLLMULFactorTable.6032
                0x00000000080025e8       0x10 ./Drivers/STM32F1xx_HAL_Driver/Src/stm32f1xx_hal_rcc.o
 .rodata.aPredivFactorTable.6033
                0x00000000080025f8        0x2 ./Drivers/STM32F1xx_HAL_Driver/Src/stm32f1xx_hal_rcc.o
                0x00000000080025fc                . = ALIGN (0x4)
 *fill*         0x00000000080025fa        0x2 

.rel.dyn        0x00000000080025fc        0x0
 .rel.iplt      0x00000000080025fc        0x0 c:/st/stm32cubeide_1.7.0/stm32cubeide/plugins/com.st.stm32cube.ide.mcu.externaltools.gnu-tools-for-stm32.9-2020-q2-update.win32_2.0.0.202105311346/tools/bin/../lib/gcc/arm-none-eabi/9.3.1/thumb/v7-m/nofp/crtbegin.o

.ARM.extab      0x00000000080025fc        0x0
                0x00000000080025fc                . = ALIGN (0x4)
 *(.ARM.extab* .gnu.linkonce.armextab.*)
                0x00000000080025fc                . = ALIGN (0x4)

.ARM            0x00000000080025fc        0x0
                0x00000000080025fc                . = ALIGN (0x4)
                0x00000000080025fc                __exidx_start = .
 *(.ARM.exidx*)
                0x00000000080025fc                __exidx_end = .
                0x00000000080025fc                . = ALIGN (0x4)

.preinit_array  0x00000000080025fc        0x0
                0x00000000080025fc                . = ALIGN (0x4)
                0x00000000080025fc                PROVIDE (__preinit_array_start = .)
 *(.preinit_array*)
                0x00000000080025fc                PROVIDE (__preinit_array_end = .)
                0x00000000080025fc                . = ALIGN (0x4)

.init_array     0x00000000080025fc        0x4
                0x00000000080025fc                . = ALIGN (0x4)
                0x00000000080025fc                PROVIDE (__init_array_start = .)
 *(SORT_BY_NAME(.init_array.*))
 *(.init_array*)
 .init_array    0x00000000080025fc        0x4 c:/st/stm32cubeide_1.7.0/stm32cubeide/plugins/com.st.stm32cube.ide.mcu.externaltools.gnu-tools-for-stm32.9-2020-q2-update.win32_2.0.0.202105311346/tools/bin/../lib/gcc/arm-none-eabi/9.3.1/thumb/v7-m/nofp/crtbegin.o
                0x0000000008002600                PROVIDE (__init_array_end = .)
                0x0000000008002600                . = ALIGN (0x4)

.fini_array     0x0000000008002600        0x4
                0x0000000008002600                . = ALIGN (0x4)
                [!provide]                        PROVIDE (__fini_array_start = .)
 *(SORT_BY_NAME(.fini_array.*))
 *(.fini_array*)
 .fini_array    0x0000000008002600        0x4 c:/st/stm32cubeide_1.7.0/stm32cubeide/plugins/com.st.stm32cube.ide.mcu.externaltools.gnu-tools-for-stm32.9-2020-q2-update.win32_2.0.0.202105311346/tools/bin/../lib/gcc/arm-none-eabi/9.3.1/thumb/v7-m/nofp/crtbegin.o
                [!provide]                        PROVIDE (__fini_array_end = .)
                0x0000000008002604                . = ALIGN (0x4)
                0x0000000008002604                _sidata = LOADADDR (.data)

.data           0x0000000020000000       0xb8 load address 0x0000000008002604
                0x0000000020000000                . = ALIGN (0x4)
                0x0000000020000000                _sdata = .
 *(.data)
 *(.data*)
 .data.SEG_PORTS
                0x0000000020000000       0x38 ./Core/Src/display_7seg.o
                0x0000000020000000                SEG_PORTS
 .data.SEG_PINS
                0x0000000020000038       0x1c ./Core/Src/display_7seg.o
                0x0000000020000038                SEG_PINS
 .data.LEDS_state
                0x0000000020000054       0x46 ./Core/Src/display_7seg.o
                0x0000000020000054                LEDS_state
 *fill*         0x000000002000009a        0x2 
 .data.status_traffic
                0x000000002000009c        0x4 ./Core/Src/global.o
                0x000000002000009c                status_traffic
 .data.timerRed
                0x00000000200000a0        0x4 ./Core/Src/global.o
                0x00000000200000a0                timerRed
 .data.timerGreen
                0x00000000200000a4        0x4 ./Core/Src/global.o
                0x00000000200000a4                timerGreen
 .data.timerYellow
                0x00000000200000a8        0x4 ./Core/Src/global.o
                0x00000000200000a8                timerYellow
 .data.SystemCoreClock
                0x00000000200000ac        0x4 ./Core/Src/system_stm32f1xx.o
                0x00000000200000ac                SystemCoreClock
 .data.uwTickPrio
                0x00000000200000b0        0x4 ./Drivers/STM32F1xx_HAL_Driver/Src/stm32f1xx_hal.o
                0x00000000200000b0                uwTickPrio
 .data.uwTickFreq
                0x00000000200000b4        0x1 ./Drivers/STM32F1xx_HAL_Driver/Src/stm32f1xx_hal.o
                0x00000000200000b4                uwTickFreq
 *(.RamFunc)
 *(.RamFunc*)
                0x00000000200000b8                . = ALIGN (0x4)
 *fill*         0x00000000200000b5        0x3 
                0x00000000200000b8                _edata = .

.igot.plt       0x00000000200000b8        0x0 load address 0x00000000080026bc
 .igot.plt      0x00000000200000b8        0x0 c:/st/stm32cubeide_1.7.0/stm32cubeide/plugins/com.st.stm32cube.ide.mcu.externaltools.gnu-tools-for-stm32.9-2020-q2-update.win32_2.0.0.202105311346/tools/bin/../lib/gcc/arm-none-eabi/9.3.1/thumb/v7-m/nofp/crtbegin.o
                0x00000000200000b8                . = ALIGN (0x4)

.bss            0x00000000200000b8      0x114 load address 0x00000000080026bc
                0x00000000200000b8                _sbss = .
                0x00000000200000b8                __bss_start__ = _sbss
 *(.bss)
 .bss           0x00000000200000b8       0x1c c:/st/stm32cubeide_1.7.0/stm32cubeide/plugins/com.st.stm32cube.ide.mcu.externaltools.gnu-tools-for-stm32.9-2020-q2-update.win32_2.0.0.202105311346/tools/bin/../lib/gcc/arm-none-eabi/9.3.1/thumb/v7-m/nofp/crtbegin.o
 *(.bss*)
 .bss.status    0x00000000200000d4       0x14 ./Core/Src/global.o
                0x00000000200000d4                status
 .bss.countRed  0x00000000200000e8        0x4 ./Core/Src/global.o
                0x00000000200000e8                countRed
 .bss.countGreen
                0x00000000200000ec        0x4 ./Core/Src/global.o
                0x00000000200000ec                countGreen
 .bss.countYellow
                0x00000000200000f0        0x4 ./Core/Src/global.o
                0x00000000200000f0                countYellow
 .bss.timerTraffic
                0x00000000200000f4        0x4 ./Core/Src/global.o
                0x00000000200000f4                timerTraffic
 *(COMMON)
 COMMON         0x00000000200000f8       0x60 ./Core/Src/button.o
                0x00000000200000f8                keyReg1
                0x0000000020000108                button_counter
                0x0000000020000118                button_flag
                0x0000000020000128                keyReg3
                0x0000000020000138                keyReg0
                0x0000000020000148                keyReg2
 COMMON         0x0000000020000158       0x48 ./Core/Src/main.o
                0x0000000020000158                htim2
 COMMON         0x00000000200001a0       0x28 ./Core/Src/software_timer.o
                0x00000000200001a0                counter
                0x00000000200001b4                timer_flag
 COMMON         0x00000000200001c8        0x4 ./Drivers/STM32F1xx_HAL_Driver/Src/stm32f1xx_hal.o
                0x00000000200001c8                uwTick
                0x00000000200001cc                . = ALIGN (0x4)
                0x00000000200001cc                _ebss = .
                0x00000000200001cc                __bss_end__ = _ebss

._user_heap_stack
                0x00000000200001cc      0x604 load address 0x00000000080026bc
                0x00000000200001d0                . = ALIGN (0x8)
 *fill*         0x00000000200001cc        0x4 
                [!provide]                        PROVIDE (end = .)
                0x00000000200001d0                PROVIDE (_end = .)
                0x00000000200003d0                . = (. + _Min_Heap_Size)
 *fill*         0x00000000200001d0      0x200 
                0x00000000200007d0                . = (. + _Min_Stack_Size)
 *fill*         0x00000000200003d0      0x400 
                0x00000000200007d0                . = ALIGN (0x8)

/DISCARD/
 libc.a(*)
 libm.a(*)
 libgcc.a(*)

.ARM.attributes
                0x0000000000000000       0x29
 *(.ARM.attributes)
 .ARM.attributes
                0x0000000000000000       0x1d c:/st/stm32cubeide_1.7.0/stm32cubeide/plugins/com.st.stm32cube.ide.mcu.externaltools.gnu-tools-for-stm32.9-2020-q2-update.win32_2.0.0.202105311346/tools/bin/../lib/gcc/arm-none-eabi/9.3.1/thumb/v7-m/nofp/crti.o
 .ARM.attributes
                0x000000000000001d       0x2d c:/st/stm32cubeide_1.7.0/stm32cubeide/plugins/com.st.stm32cube.ide.mcu.externaltools.gnu-tools-for-stm32.9-2020-q2-update.win32_2.0.0.202105311346/tools/bin/../lib/gcc/arm-none-eabi/9.3.1/thumb/v7-m/nofp/crtbegin.o
 .ARM.attributes
                0x000000000000004a       0x2d ./Core/Src/button.o
 .ARM.attributes
                0x0000000000000077       0x2d ./Core/Src/display_7seg.o
 .ARM.attributes
                0x00000000000000a4       0x2d ./Core/Src/fsm_automatic.o
 .ARM.attributes
                0x00000000000000d1       0x2d ./Core/Src/global.o
 .ARM.attributes
                0x00000000000000fe       0x2d ./Core/Src/main.o
 .ARM.attributes
                0x000000000000012b       0x2d ./Core/Src/software_timer.o
 .ARM.attributes
                0x0000000000000158       0x2d ./Core/Src/stm32f1xx_hal_msp.o
 .ARM.attributes
                0x0000000000000185       0x2d ./Core/Src/stm32f1xx_it.o
 .ARM.attributes
                0x00000000000001b2       0x2d ./Core/Src/system_stm32f1xx.o
 .ARM.attributes
                0x00000000000001df       0x2d ./Core/Src/traffic_light.o
 .ARM.attributes
                0x000000000000020c       0x21 ./Core/Startup/startup_stm32f103c6ux.o
 .ARM.attributes
                0x000000000000022d       0x2d ./Drivers/STM32F1xx_HAL_Driver/Src/stm32f1xx_hal.o
 .ARM.attributes
                0x000000000000025a       0x2d ./Drivers/STM32F1xx_HAL_Driver/Src/stm32f1xx_hal_cortex.o
 .ARM.attributes
                0x0000000000000287       0x2d ./Drivers/STM32F1xx_HAL_Driver/Src/stm32f1xx_hal_gpio.o
 .ARM.attributes
                0x00000000000002b4       0x2d ./Drivers/STM32F1xx_HAL_Driver/Src/stm32f1xx_hal_rcc.o
 .ARM.attributes
                0x00000000000002e1       0x2d ./Drivers/STM32F1xx_HAL_Driver/Src/stm32f1xx_hal_tim.o
 .ARM.attributes
                0x000000000000030e       0x2d ./Drivers/STM32F1xx_HAL_Driver/Src/stm32f1xx_hal_tim_ex.o
 .ARM.attributes
                0x000000000000033b       0x2d c:/st/stm32cubeide_1.7.0/stm32cubeide/plugins/com.st.stm32cube.ide.mcu.externaltools.gnu-tools-for-stm32.9-2020-q2-update.win32_2.0.0.202105311346/tools/bin/../lib/gcc/arm-none-eabi/9.3.1/../../../../arm-none-eabi/lib/thumb/v7-m/nofp\libc_nano.a(lib_a-init.o)
 .ARM.attributes
                0x0000000000000368       0x2d c:/st/stm32cubeide_1.7.0/stm32cubeide/plugins/com.st.stm32cube.ide.mcu.externaltools.gnu-tools-for-stm32.9-2020-q2-update.win32_2.0.0.202105311346/tools/bin/../lib/gcc/arm-none-eabi/9.3.1/../../../../arm-none-eabi/lib/thumb/v7-m/nofp\libc_nano.a(lib_a-memset.o)
 .ARM.attributes
                0x0000000000000395       0x1d c:/st/stm32cubeide_1.7.0/stm32cubeide/plugins/com.st.stm32cube.ide.mcu.externaltools.gnu-tools-for-stm32.9-2020-q2-update.win32_2.0.0.202105311346/tools/bin/../lib/gcc/arm-none-eabi/9.3.1/thumb/v7-m/nofp/crtn.o
OUTPUT(LAB3.elf elf32-littlearm)
LOAD linker stubs
LOAD c:/st/stm32cubeide_1.7.0/stm32cubeide/plugins/com.st.stm32cube.ide.mcu.externaltools.gnu-tools-for-stm32.9-2020-q2-update.win32_2.0.0.202105311346/tools/bin/../lib/gcc/arm-none-eabi/9.3.1/../../../../arm-none-eabi/lib/thumb/v7-m/nofp\libc.a
LOAD c:/st/stm32cubeide_1.7.0/stm32cubeide/plugins/com.st.stm32cube.ide.mcu.externaltools.gnu-tools-for-stm32.9-2020-q2-update.win32_2.0.0.202105311346/tools/bin/../lib/gcc/arm-none-eabi/9.3.1/../../../../arm-none-eabi/lib/thumb/v7-m/nofp\libm.a
LOAD c:/st/stm32cubeide_1.7.0/stm32cubeide/plugins/com.st.stm32cube.ide.mcu.externaltools.gnu-tools-for-stm32.9-2020-q2-update.win32_2.0.0.202105311346/tools/bin/../lib/gcc/arm-none-eabi/9.3.1/thumb/v7-m/nofp\libgcc.a

.debug_info     0x0000000000000000     0x9a77
 .debug_info    0x0000000000000000      0x389 ./Core/Src/button.o
 .debug_info    0x0000000000000389      0x38b ./Core/Src/display_7seg.o
 .debug_info    0x0000000000000714      0x361 ./Core/Src/fsm_automatic.o
 .debug_info    0x0000000000000a75      0x481 ./Core/Src/global.o
 .debug_info    0x0000000000000ef6      0xcc1 ./Core/Src/main.o
 .debug_info    0x0000000000001bb7      0x221 ./Core/Src/software_timer.o
 .debug_info    0x0000000000001dd8      0xa09 ./Core/Src/stm32f1xx_hal_msp.o
 .debug_info    0x00000000000027e1      0x7b9 ./Core/Src/stm32f1xx_it.o
 .debug_info    0x0000000000002f9a      0x2be ./Core/Src/system_stm32f1xx.o
 .debug_info    0x0000000000003258      0x3ae ./Core/Src/traffic_light.o
 .debug_info    0x0000000000003606       0x22 ./Core/Startup/startup_stm32f103c6ux.o
 .debug_info    0x0000000000003628      0x74c ./Drivers/STM32F1xx_HAL_Driver/Src/stm32f1xx_hal.o
 .debug_info    0x0000000000003d74      0xbbe ./Drivers/STM32F1xx_HAL_Driver/Src/stm32f1xx_hal_cortex.o
 .debug_info    0x0000000000004932      0x701 ./Drivers/STM32F1xx_HAL_Driver/Src/stm32f1xx_hal_gpio.o
 .debug_info    0x0000000000005033      0x893 ./Drivers/STM32F1xx_HAL_Driver/Src/stm32f1xx_hal_rcc.o
 .debug_info    0x00000000000058c6     0x2c32 ./Drivers/STM32F1xx_HAL_Driver/Src/stm32f1xx_hal_tim.o
 .debug_info    0x00000000000084f8     0x157f ./Drivers/STM32F1xx_HAL_Driver/Src/stm32f1xx_hal_tim_ex.o

.debug_abbrev   0x0000000000000000     0x1cba
 .debug_abbrev  0x0000000000000000      0x1ba ./Core/Src/button.o
 .debug_abbrev  0x00000000000001ba      0x157 ./Core/Src/display_7seg.o
 .debug_abbrev  0x0000000000000311       0xff ./Core/Src/fsm_automatic.o
 .debug_abbrev  0x0000000000000410      0x153 ./Core/Src/global.o
 .debug_abbrev  0x0000000000000563      0x22c ./Core/Src/main.o
 .debug_abbrev  0x000000000000078f      0x130 ./Core/Src/software_timer.o
 .debug_abbrev  0x00000000000008bf      0x1b7 ./Core/Src/stm32f1xx_hal_msp.o
 .debug_abbrev  0x0000000000000a76      0x176 ./Core/Src/stm32f1xx_it.o
 .debug_abbrev  0x0000000000000bec      0x14e ./Core/Src/system_stm32f1xx.o
 .debug_abbrev  0x0000000000000d3a      0x14f ./Core/Src/traffic_light.o
 .debug_abbrev  0x0000000000000e89       0x12 ./Core/Startup/startup_stm32f103c6ux.o
 .debug_abbrev  0x0000000000000e9b      0x1ed ./Drivers/STM32F1xx_HAL_Driver/Src/stm32f1xx_hal.o
 .debug_abbrev  0x0000000000001088      0x313 ./Drivers/STM32F1xx_HAL_Driver/Src/stm32f1xx_hal_cortex.o
 .debug_abbrev  0x000000000000139b      0x1e8 ./Drivers/STM32F1xx_HAL_Driver/Src/stm32f1xx_hal_gpio.o
 .debug_abbrev  0x0000000000001583      0x273 ./Drivers/STM32F1xx_HAL_Driver/Src/stm32f1xx_hal_rcc.o
 .debug_abbrev  0x00000000000017f6      0x25e ./Drivers/STM32F1xx_HAL_Driver/Src/stm32f1xx_hal_tim.o
 .debug_abbrev  0x0000000000001a54      0x266 ./Drivers/STM32F1xx_HAL_Driver/Src/stm32f1xx_hal_tim_ex.o

.debug_aranges  0x0000000000000000      0xab8
 .debug_aranges
                0x0000000000000000       0x40 ./Core/Src/button.o
 .debug_aranges
                0x0000000000000040       0x38 ./Core/Src/display_7seg.o
 .debug_aranges
                0x0000000000000078       0x28 ./Core/Src/fsm_automatic.o
 .debug_aranges
                0x00000000000000a0       0x88 ./Core/Src/global.o
 .debug_aranges
                0x0000000000000128       0x48 ./Core/Src/main.o
 .debug_aranges
                0x0000000000000170       0x30 ./Core/Src/software_timer.o
 .debug_aranges
                0x00000000000001a0       0x30 ./Core/Src/stm32f1xx_hal_msp.o
 .debug_aranges
                0x00000000000001d0       0x68 ./Core/Src/stm32f1xx_it.o
 .debug_aranges
                0x0000000000000238       0x28 ./Core/Src/system_stm32f1xx.o
 .debug_aranges
                0x0000000000000260       0x30 ./Core/Src/traffic_light.o
 .debug_aranges
                0x0000000000000290       0x28 ./Core/Startup/startup_stm32f103c6ux.o
 .debug_aranges
                0x00000000000002b8       0xe0 ./Drivers/STM32F1xx_HAL_Driver/Src/stm32f1xx_hal.o
 .debug_aranges
                0x0000000000000398      0x100 ./Drivers/STM32F1xx_HAL_Driver/Src/stm32f1xx_hal_cortex.o
 .debug_aranges
                0x0000000000000498       0x58 ./Drivers/STM32F1xx_HAL_Driver/Src/stm32f1xx_hal_gpio.o
 .debug_aranges
                0x00000000000004f0       0x90 ./Drivers/STM32F1xx_HAL_Driver/Src/stm32f1xx_hal_rcc.o
 .debug_aranges
                0x0000000000000580      0x3d0 ./Drivers/STM32F1xx_HAL_Driver/Src/stm32f1xx_hal_tim.o
 .debug_aranges
                0x0000000000000950      0x168 ./Drivers/STM32F1xx_HAL_Driver/Src/stm32f1xx_hal_tim_ex.o

.debug_ranges   0x0000000000000000      0x9b0
 .debug_ranges  0x0000000000000000       0x30 ./Core/Src/button.o
 .debug_ranges  0x0000000000000030       0x28 ./Core/Src/display_7seg.o
 .debug_ranges  0x0000000000000058       0x18 ./Core/Src/fsm_automatic.o
 .debug_ranges  0x0000000000000070       0x78 ./Core/Src/global.o
 .debug_ranges  0x00000000000000e8       0x38 ./Core/Src/main.o
 .debug_ranges  0x0000000000000120       0x20 ./Core/Src/software_timer.o
 .debug_ranges  0x0000000000000140       0x20 ./Core/Src/stm32f1xx_hal_msp.o
 .debug_ranges  0x0000000000000160       0x58 ./Core/Src/stm32f1xx_it.o
 .debug_ranges  0x00000000000001b8       0x18 ./Core/Src/system_stm32f1xx.o
 .debug_ranges  0x00000000000001d0       0x20 ./Core/Src/traffic_light.o
 .debug_ranges  0x00000000000001f0       0x20 ./Core/Startup/startup_stm32f103c6ux.o
 .debug_ranges  0x0000000000000210       0xd0 ./Drivers/STM32F1xx_HAL_Driver/Src/stm32f1xx_hal.o
 .debug_ranges  0x00000000000002e0       0xf0 ./Drivers/STM32F1xx_HAL_Driver/Src/stm32f1xx_hal_cortex.o
 .debug_ranges  0x00000000000003d0       0x48 ./Drivers/STM32F1xx_HAL_Driver/Src/stm32f1xx_hal_gpio.o
 .debug_ranges  0x0000000000000418       0x80 ./Drivers/STM32F1xx_HAL_Driver/Src/stm32f1xx_hal_rcc.o
 .debug_ranges  0x0000000000000498      0x3c0 ./Drivers/STM32F1xx_HAL_Driver/Src/stm32f1xx_hal_tim.o
 .debug_ranges  0x0000000000000858      0x158 ./Drivers/STM32F1xx_HAL_Driver/Src/stm32f1xx_hal_tim_ex.o

.debug_macro    0x0000000000000000    0x16ec1
 .debug_macro   0x0000000000000000      0x1bb ./Core/Src/button.o
 .debug_macro   0x00000000000001bb      0xa9c ./Core/Src/button.o
 .debug_macro   0x0000000000000c57      0x215 ./Core/Src/button.o
 .debug_macro   0x0000000000000e6c       0x2e ./Core/Src/button.o
 .debug_macro   0x0000000000000e9a       0x22 ./Core/Src/button.o
 .debug_macro   0x0000000000000ebc       0x22 ./Core/Src/button.o
 .debug_macro   0x0000000000000ede       0x8e ./Core/Src/button.o
 .debug_macro   0x0000000000000f6c       0x51 ./Core/Src/button.o
 .debug_macro   0x0000000000000fbd      0x103 ./Core/Src/button.o
 .debug_macro   0x00000000000010c0       0x6a ./Core/Src/button.o
 .debug_macro   0x000000000000112a      0x1df ./Core/Src/button.o
 .debug_macro   0x0000000000001309       0x1c ./Core/Src/button.o
 .debug_macro   0x0000000000001325       0x22 ./Core/Src/button.o
 .debug_macro   0x0000000000001347       0xc3 ./Core/Src/button.o
 .debug_macro   0x000000000000140a      0xd23 ./Core/Src/button.o
 .debug_macro   0x000000000000212d     0xde75 ./Core/Src/button.o
 .debug_macro   0x000000000000ffa2       0x6d ./Core/Src/button.o
 .debug_macro   0x000000000001000f     0x34a2 ./Core/Src/button.o
 .debug_macro   0x00000000000134b1      0x174 ./Core/Src/button.o
 .debug_macro   0x0000000000013625       0x5c ./Core/Src/button.o
 .debug_macro   0x0000000000013681      0x5bc ./Core/Src/button.o
 .debug_macro   0x0000000000013c3d      0x1b7 ./Core/Src/button.o
 .debug_macro   0x0000000000013df4      0x1cb ./Core/Src/button.o
 .debug_macro   0x0000000000013fbf      0x114 ./Core/Src/button.o
 .debug_macro   0x00000000000140d3      0x1b2 ./Core/Src/button.o
 .debug_macro   0x0000000000014285       0x27 ./Core/Src/button.o
 .debug_macro   0x00000000000142ac      0x12f ./Core/Src/button.o
 .debug_macro   0x00000000000143db      0x1bc ./Core/Src/button.o
 .debug_macro   0x0000000000014597       0x34 ./Core/Src/button.o
 .debug_macro   0x00000000000145cb       0x3c ./Core/Src/button.o
 .debug_macro   0x0000000000014607       0x57 ./Core/Src/button.o
 .debug_macro   0x000000000001465e       0x87 ./Core/Src/button.o
 .debug_macro   0x00000000000146e5      0x183 ./Core/Src/button.o
 .debug_macro   0x0000000000014868      0x140 ./Core/Src/button.o
 .debug_macro   0x00000000000149a8      0x8ed ./Core/Src/button.o
 .debug_macro   0x0000000000015295       0x69 ./Core/Src/button.o
 .debug_macro   0x00000000000152fe      0x148 ./Core/Src/button.o
 .debug_macro   0x0000000000015446       0x16 ./Core/Src/button.o
 .debug_macro   0x000000000001545c      0x1b0 ./Core/Src/display_7seg.o
 .debug_macro   0x000000000001560c      0x1dc ./Core/Src/fsm_automatic.o
 .debug_macro   0x00000000000157e8       0x1c ./Core/Src/fsm_automatic.o
 .debug_macro   0x0000000000015804       0x46 ./Core/Src/fsm_automatic.o
 .debug_macro   0x000000000001584a      0x1c8 ./Core/Src/global.o
 .debug_macro   0x0000000000015a12      0x200 ./Core/Src/main.o
 .debug_macro   0x0000000000015c12      0x1b0 ./Core/Src/software_timer.o
 .debug_macro   0x0000000000015dc2      0x1a6 ./Core/Src/stm32f1xx_hal_msp.o
 .debug_macro   0x0000000000015f68      0x1b0 ./Core/Src/stm32f1xx_it.o
 .debug_macro   0x0000000000016118      0x197 ./Core/Src/system_stm32f1xx.o
 .debug_macro   0x00000000000162af      0x1e6 ./Core/Src/traffic_light.o
 .debug_macro   0x0000000000016495      0x1bb ./Drivers/STM32F1xx_HAL_Driver/Src/stm32f1xx_hal.o
 .debug_macro   0x0000000000016650      0x197 ./Drivers/STM32F1xx_HAL_Driver/Src/stm32f1xx_hal_cortex.o
 .debug_macro   0x00000000000167e7      0x202 ./Drivers/STM32F1xx_HAL_Driver/Src/stm32f1xx_hal_gpio.o
 .debug_macro   0x00000000000169e9      0x1a9 ./Drivers/STM32F1xx_HAL_Driver/Src/stm32f1xx_hal_rcc.o
 .debug_macro   0x0000000000016b92      0x198 ./Drivers/STM32F1xx_HAL_Driver/Src/stm32f1xx_hal_tim.o
 .debug_macro   0x0000000000016d2a      0x197 ./Drivers/STM32F1xx_HAL_Driver/Src/stm32f1xx_hal_tim_ex.o

.debug_line     0x0000000000000000     0xc093
 .debug_line    0x0000000000000000      0x760 ./Core/Src/button.o
 .debug_line    0x0000000000000760      0x72d ./Core/Src/display_7seg.o
 .debug_line    0x0000000000000e8d      0x7f3 ./Core/Src/fsm_automatic.o
 .debug_line    0x0000000000001680      0x81c ./Core/Src/global.o
 .debug_line    0x0000000000001e9c      0x7f8 ./Core/Src/main.o
 .debug_line    0x0000000000002694      0x6b9 ./Core/Src/software_timer.o
 .debug_line    0x0000000000002d4d      0x6a1 ./Core/Src/stm32f1xx_hal_msp.o
 .debug_line    0x00000000000033ee      0x73f ./Core/Src/stm32f1xx_it.o
 .debug_line    0x0000000000003b2d      0x6e3 ./Core/Src/system_stm32f1xx.o
 .debug_line    0x0000000000004210      0x7bf ./Core/Src/traffic_light.o
 .debug_line    0x00000000000049cf       0x86 ./Core/Startup/startup_stm32f103c6ux.o
 .debug_line    0x0000000000004a55      0x910 ./Drivers/STM32F1xx_HAL_Driver/Src/stm32f1xx_hal.o
 .debug_line    0x0000000000005365      0xaf8 ./Drivers/STM32F1xx_HAL_Driver/Src/stm32f1xx_hal_cortex.o
 .debug_line    0x0000000000005e5d      0x993 ./Drivers/STM32F1xx_HAL_Driver/Src/stm32f1xx_hal_gpio.o
 .debug_line    0x00000000000067f0      0xd1c ./Drivers/STM32F1xx_HAL_Driver/Src/stm32f1xx_hal_rcc.o
 .debug_line    0x000000000000750c     0x3361 ./Drivers/STM32F1xx_HAL_Driver/Src/stm32f1xx_hal_tim.o
 .debug_line    0x000000000000a86d     0x1826 ./Drivers/STM32F1xx_HAL_Driver/Src/stm32f1xx_hal_tim_ex.o

.debug_str      0x0000000000000000    0x825bd
 .debug_str     0x0000000000000000    0x7f95b ./Core/Src/button.o
                                      0x7fcae (size before relaxing)
 .debug_str     0x000000000007f95b       0x93 ./Core/Src/display_7seg.o
                                      0x7fc3e (size before relaxing)
 .debug_str     0x000000000007f9ee      0x156 ./Core/Src/fsm_automatic.o
                                      0x7fd9d (size before relaxing)
 .debug_str     0x000000000007fb44       0xaf ./Core/Src/global.o
                                      0x7fd9e (size before relaxing)
 .debug_str     0x000000000007fbf3      0x712 ./Core/Src/main.o
                                      0x8051e (size before relaxing)
 .debug_str     0x0000000000080305       0x42 ./Core/Src/software_timer.o
                                      0x7fbc5 (size before relaxing)
 .debug_str     0x0000000000080347      0x2ba ./Core/Src/stm32f1xx_hal_msp.o
                                      0x8037e (size before relaxing)
 .debug_str     0x0000000000080601       0xcd ./Core/Src/stm32f1xx_it.o
                                      0x800e0 (size before relaxing)
 .debug_str     0x00000000000806ce       0x52 ./Core/Src/system_stm32f1xx.o
                                      0x7f773 (size before relaxing)
 .debug_str     0x0000000000080720       0x41 ./Core/Src/traffic_light.o
                                      0x7fdb9 (size before relaxing)
 .debug_str     0x0000000000080761       0x36 ./Core/Startup/startup_stm32f103c6ux.o
                                         0x67 (size before relaxing)
 .debug_str     0x0000000000080797      0x304 ./Drivers/STM32F1xx_HAL_Driver/Src/stm32f1xx_hal.o
                                      0x7fdca (size before relaxing)
 .debug_str     0x0000000000080a9b      0x300 ./Drivers/STM32F1xx_HAL_Driver/Src/stm32f1xx_hal_cortex.o
                                      0x7fdd2 (size before relaxing)
 .debug_str     0x0000000000080d9b      0x307 ./Drivers/STM32F1xx_HAL_Driver/Src/stm32f1xx_hal_gpio.o
                                      0x7fb37 (size before relaxing)
 .debug_str     0x00000000000810a2      0x24f ./Drivers/STM32F1xx_HAL_Driver/Src/stm32f1xx_hal_rcc.o
                                      0x7fb70 (size before relaxing)
 .debug_str     0x00000000000812f1      0xdde ./Drivers/STM32F1xx_HAL_Driver/Src/stm32f1xx_hal_tim.o
                                      0x80b59 (size before relaxing)
 .debug_str     0x00000000000820cf      0x4ee ./Drivers/STM32F1xx_HAL_Driver/Src/stm32f1xx_hal_tim_ex.o
                                      0x802fa (size before relaxing)

.comment        0x0000000000000000       0x53
 .comment       0x0000000000000000       0x53 ./Core/Src/button.o
                                         0x54 (size before relaxing)
 .comment       0x0000000000000053       0x54 ./Core/Src/display_7seg.o
 .comment       0x0000000000000053       0x54 ./Core/Src/fsm_automatic.o
 .comment       0x0000000000000053       0x54 ./Core/Src/global.o
 .comment       0x0000000000000053       0x54 ./Core/Src/main.o
 .comment       0x0000000000000053       0x54 ./Core/Src/software_timer.o
 .comment       0x0000000000000053       0x54 ./Core/Src/stm32f1xx_hal_msp.o
 .comment       0x0000000000000053       0x54 ./Core/Src/stm32f1xx_it.o
 .comment       0x0000000000000053       0x54 ./Core/Src/system_stm32f1xx.o
 .comment       0x0000000000000053       0x54 ./Core/Src/traffic_light.o
 .comment       0x0000000000000053       0x54 ./Drivers/STM32F1xx_HAL_Driver/Src/stm32f1xx_hal.o
 .comment       0x0000000000000053       0x54 ./Drivers/STM32F1xx_HAL_Driver/Src/stm32f1xx_hal_cortex.o
 .comment       0x0000000000000053       0x54 ./Drivers/STM32F1xx_HAL_Driver/Src/stm32f1xx_hal_gpio.o
 .comment       0x0000000000000053       0x54 ./Drivers/STM32F1xx_HAL_Driver/Src/stm32f1xx_hal_rcc.o
 .comment       0x0000000000000053       0x54 ./Drivers/STM32F1xx_HAL_Driver/Src/stm32f1xx_hal_tim.o
 .comment       0x0000000000000053       0x54 ./Drivers/STM32F1xx_HAL_Driver/Src/stm32f1xx_hal_tim_ex.o

.debug_frame    0x0000000000000000     0x2a18
 .debug_frame   0x0000000000000000       0xc8 ./Core/Src/button.o
 .debug_frame   0x00000000000000c8       0xa0 ./Core/Src/display_7seg.o
 .debug_frame   0x0000000000000168       0x48 ./Core/Src/fsm_automatic.o
 .debug_frame   0x00000000000001b0      0x1b4 ./Core/Src/global.o
 .debug_frame   0x0000000000000364       0xd4 ./Core/Src/main.o
 .debug_frame   0x0000000000000438       0x7c ./Core/Src/software_timer.o
 .debug_frame   0x00000000000004b4       0x80 ./Core/Src/stm32f1xx_hal_msp.o
 .debug_frame   0x0000000000000534      0x120 ./Core/Src/stm32f1xx_it.o
 .debug_frame   0x0000000000000654       0x58 ./Core/Src/system_stm32f1xx.o
 .debug_frame   0x00000000000006ac       0x74 ./Core/Src/traffic_light.o
 .debug_frame   0x0000000000000720      0x334 ./Drivers/STM32F1xx_HAL_Driver/Src/stm32f1xx_hal.o
 .debug_frame   0x0000000000000a54      0x428 ./Drivers/STM32F1xx_HAL_Driver/Src/stm32f1xx_hal_cortex.o
 .debug_frame   0x0000000000000e7c      0x14c ./Drivers/STM32F1xx_HAL_Driver/Src/stm32f1xx_hal_gpio.o
 .debug_frame   0x0000000000000fc8      0x218 ./Drivers/STM32F1xx_HAL_Driver/Src/stm32f1xx_hal_rcc.o
 .debug_frame   0x00000000000011e0     0x11b4 ./Drivers/STM32F1xx_HAL_Driver/Src/stm32f1xx_hal_tim.o
 .debug_frame   0x0000000000002394      0x638 ./Drivers/STM32F1xx_HAL_Driver/Src/stm32f1xx_hal_tim_ex.o
 .debug_frame   0x00000000000029cc       0x2c c:/st/stm32cubeide_1.7.0/stm32cubeide/plugins/com.st.stm32cube.ide.mcu.externaltools.gnu-tools-for-stm32.9-2020-q2-update.win32_2.0.0.202105311346/tools/bin/../lib/gcc/arm-none-eabi/9.3.1/../../../../arm-none-eabi/lib/thumb/v7-m/nofp\libc_nano.a(lib_a-init.o)
 .debug_frame   0x00000000000029f8       0x20 c:/st/stm32cubeide_1.7.0/stm32cubeide/plugins/com.st.stm32cube.ide.mcu.externaltools.gnu-tools-for-stm32.9-2020-q2-update.win32_2.0.0.202105311346/tools/bin/../lib/gcc/arm-none-eabi/9.3.1/../../../../arm-none-eabi/lib/thumb/v7-m/nofp\libc_nano.a(lib_a-memset.o)
